// Jest Snapshot v1, https://goo.gl/fbAQLP

exports[`<Web3Button /> should render correctly 1`] = `
<DocumentFragment>
  <div
    class="sc-bczRLJ fqrVXb"
  >
    <button
      class="sc-gsnTZi hFXnKB"
    >
      Loading...
    </button>
  </div>
</DocumentFragment>
`;
