// Jest Snapshot v1, https://goo.gl/fbAQLP

exports[`<MeetingCardList /> should render correctly 1`] = `
<DocumentFragment>
  <div
    class="sc-bczRLJ kyBHLK"
  >
    ((MeetingCard))
  </div>
</DocumentFragment>
`;
