// Jest Snapshot v1, https://goo.gl/fbAQLP

exports[`<ErrorFallback /> should render correctly 1`] = `
<DocumentFragment>
  <div
    class="sc-dkzDqf hIXBgN"
  >
    <p>
      Something went wrong:
    </p>
    <pre>
      Ouch
    </pre>
    <div
      class="sc-bczRLJ bbkjqh"
    >
      <button
        class="sc-gsnTZi kKvmkM"
        type="button"
      >
        Return Home
      </button>
    </div>
  </div>
</DocumentFragment>
`;
